C51 COMPILER V9.59.0.0   LIB_BASE                                                          03/29/2022 12:01:36 PAGE 1   


C51 COMPILER V9.59.0.0, COMPILATION OF MODULE LIB_BASE
OBJECT MODULE PLACED IN Lib_Base.OBJ
COMPILER INVOKED BY: C:\Keil_v5\C51\BIN\C51.EXE Lib_Base.c OPTIMIZE(3,SPEED) BROWSE DEBUG OBJECTEXTEND TABS(2)

line level    source

   1          //******************************************************************************
   2          //TP_8051_Lib.asm
   3          //   Ce fichier contient des définitions et des routines utiles au TP
   4          //  Microcontrôleur
   5          //  Aucune modification n'est nécessaire.
   6          //  Il suffit d'ajouter ce fichier à votre Projet
   7          //  TARGET MCU  :  C8051F020 
   8          
   9          //******************************************************************************
  10          
  11          #include "C8051F020.h"
  12          
  13          // Peripheral specific initialization functions,
  14          // Called from the Init_Device() function
  15          
  16          //-----------------------------------------------------------------------------
  17          // Dévalidation du watchdog
  18          //-----------------------------------------------------------------------------
  19          void Reset_Sources_Init()
  20          {
  21   1          WDTCN     = 0xDE;
  22   1          WDTCN     = 0xAD;
  23   1      }
  24          
  25          //-----------------------------------------------------------------------------
  26          // Configuration des Ports d'entrée-sorties
  27          //-----------------------------------------------------------------------------
  28          
  29          void Port_IO_Init()
  30          {
  31   1          // P0.0  -  TX0 (UART0), Push-Pull, Digital
  32   1          // P0.1  -  RX0 (UART0), Open-Drain, Digital
  33   1          // P0.2  -  TX1 (UART1), Push-Pull, Digital
  34   1          // P0.3  -  RX1 (UART1), Open-Drain, Digital
  35   1          // P0.4  -  T0 (Timer0), Open-Drain, Digital
  36   1          // P0.5  -  INT0 (Tmr0), Open-Drain, Digital
  37   1          // P0.6  -  T1 (Timer1), Open-Drain, Digital
  38   1          // P0.7  -  INT1 (Tmr1), Open-Drain, Digital
  39   1      
  40   1          // P1.0  -  T2 (Timer2), Open-Drain, Digital
  41   1          // P1.1  -  T2EX (Tmr2), Open-Drain, Digital
  42   1          // P1.2  -  T4 (Timer4), Open-Drain, Digital
  43   1          // P1.3  -  T4EX (Tmr4), Open-Drain, Digital
  44   1          // P1.4  -  SYSCLK,      Push-Pull, Digital  Visu Horloge Système
  45   1          // P1.5  -  Unassigned,  Open-Drain, Digital
  46   1          // P1.6  -  General Purpose I/O, Push-Pull, Digital   Port LED
  47   1          // P1.7  -  General Purpose I/O, Open-Drain, Digital
  48   1      
  49   1          P0MDOUT   = (1<<0)|(1<<2); 
  50   1          P1MDOUT   = (1<<4)|(1<<6);
  51   1         
  52   1          P3MDOUT   = 0x00;
  53   1          P74OUT    = 0x00;
  54   1          P1MDIN    = 0xFF;
  55   1      
C51 COMPILER V9.59.0.0   LIB_BASE                                                          03/29/2022 12:01:36 PAGE 2   

  56   1          XBR0      = 0x04;
  57   1          XBR1      = 0xFE;
  58   1          XBR2      = 0x5C;
  59   1      }
  60          
  61          //-----------------------------------------------------------------------------
  62          // Configuration de l'oscillateur - SYSCLK = Clock externe 22118400Hz 
  63          //-----------------------------------------------------------------------------
  64          void Oscillator_Init()
  65          {
  66   1          int i = 0;
  67   1          OSCXCN    = 0x67;
  68   1          for (i = 0; i < 3000; i++);  // Wait 1ms for initialization
  69   1          while ((OSCXCN & 0x80) == 0);
  70   1          OSCICN    = 0x0C;
  71   1      }
  72          
  73          
  74          //-----------------------------------------------------------------------------
  75          // Initialisation globale du Microcontrôleur - 
  76          //-----------------------------------------------------------------------------
  77          void Init_Device(void)
  78          {
  79   1          Reset_Sources_Init();
  80   1          Port_IO_Init();
  81   1          Oscillator_Init();
  82   1      }


MODULE INFORMATION:   STATIC OVERLAYABLE
   CODE SIZE        =     86    ----
   CONSTANT SIZE    =   ----    ----
   XDATA SIZE       =   ----    ----
   PDATA SIZE       =   ----    ----
   DATA SIZE        =   ----       2
   IDATA SIZE       =   ----    ----
   BIT SIZE         =   ----    ----
END OF MODULE INFORMATION.


C51 COMPILATION COMPLETE.  0 WARNING(S),  0 ERROR(S)
